# NetForge Academy — Full Audit Implementation Log
Date: 2026-08-28

## Summary
Completed 5-agent implementation plan: architecture foundation, UI/UX, reliability, product features, and testing/CI.

## Agent 3 — Architecture
- Added ProgressProvider with useSyncExternalStore for shared progress state
- Added Zod schema validation (lib/progress-schema.ts, lib/progress-storage.ts)
- Migrated lib/progress.ts → lib/progress.tsx with import/export APIs
- Fixed ESLint errors in usePomodoro, TourProvider, TourBubble
- Removed dead FocusTimer component
- Added generateStaticParams for curriculum phase pages
- Extended ProgressState: focusChecklists, drill timing stats

## Agent 2 — UI/UX
- Responsive mobile nav with hamburger menu (components/Sidebar.tsx)
- Shared UI primitives: Button, Input, Card, Badge, ProgressBar, Toast, ConfirmDialog, Skeleton
- Branding unified to NetForge
- Custom 404, skip-to-content link, prefers-reduced-motion
- Touch-friendly Pomodoro controls on mobile
- StudyMaterial tab ARIA, progress bar accessibility

## Agent 4 — Reliability
- app/error.tsx, app/global-error.tsx, app/loading.tsx
- Security headers in next.config.ts
- Subnet octet validation in lib/subnetting.ts
- Tour welcome banner (opt-in) instead of auto-start
- localStorage quota handling in progress-storage

## Agent 1 — Product Features
- Persisted focus checklists in localStorage
- Interactive certification gates (lib/gates.ts, app/gates/page.tsx)
- Subnet drill 30s timer with avg time tracking
- Progress export/import on accountability page
- Journey jump confirmation dialog
- Module-mode UX banners for weeks 5+
- Day complete guard with confirmation
- Toast feedback on saves/completions

## Agent 5 — Testing & DX
- Vitest with 12 unit tests
- npm run typecheck, test, validate scripts
- GitHub Actions CI workflow
- Updated README.md and REGRESSION.md

## Validation
- npm run validate: PASS (lint, typecheck, 12 tests, build)
- Route smoke test: all key pages return 200

## Files substantially changed
- lib/progress.tsx, lib/progress-schema.ts, lib/progress-storage.ts, lib/gates.ts
- lib/types.ts, lib/subnetting.ts, lib/focus-content.ts
- components/Sidebar.tsx, AppProviders.tsx, StudyMaterial.tsx, JourneyNavigator.tsx
- components/ui/* (8 new primitives)
- app/gates/page.tsx, app/focus/page.tsx, app/today/page.tsx, app/accountability/page.tsx
- app/drills/subnetting/page.tsx, app/page.tsx, app/layout.tsx
- app/error.tsx, app/global-error.tsx, app/not-found.tsx, app/loading.tsx
- next.config.ts, package.json, README.md, vitest.config.ts
- .github/workflows/ci.yml, REGRESSION.md
